// Jest Snapshot v1, https://goo.gl/fbAQLP

exports[`App snapshot 1`] = `
.c0 {
  width: 300px;
  margin: 10px 10px;
  height: 400px;
  border-radius: 24px;
  border: 1px solid #c4c4c4;
}

.c2 {
  text-indent: 15px;
  height: 30px;
  line-height: 30px;
}

.c3 {
  font-size: 18px;
}

.c4 {
  font-size: 14px;
}

.c5 {
  font-size: 14px;
}

.c1 {
  background-image: url("Spinner.gif");
  background-position: center center;
  background-size: cover;
  width: 100%;
  height: 300px;
  object-fit: cover;
  border-top-left-radius: 24px;
  border-top-right-radius: 24px;
}

<div
  className="c0"
>
  <div
    className="c1"
    loading={true}
  />
  <div
    className="c2 c3"
  >
    test
  </div>
  <div
    className="c2 c4"
  >
    Lifespan: 
    1-2
     kilograms
  </div>
  <div
    className="c2 c5"
  >
    Weight: 
    3-4
     years
  </div>
</div>
`;
