// Jest Snapshot v1, https://goo.gl/fbAQLP

exports[`LazyImage snapshot for LazyImage 1`] = `
.c0 {
  background-image: url("Spinner.gif");
  background-position: center center;
  background-size: cover;
  width: 100%;
  height: 300px;
  object-fit: cover;
  border-top-left-radius: 24px;
  border-top-right-radius: 24px;
}

<div
  className="c0"
  loading={true}
/>
`;
