// Jest Snapshot v1, https://goo.gl/fbAQLP

exports[`App snapshot 1`] = `
.c1 {
  cursor: pointer;
  width: 200px;
  height: 40px;
}

.c2 {
  position: relative;
  border-radius: 4px;
  border: solid 1px #c4c4c4;
  height: 40px;
  display: -webkit-box;
  display: -webkit-flex;
  display: -ms-flexbox;
  display: flex;
  -webkit-align-items: center;
  -webkit-box-align: center;
  -ms-flex-align: center;
  align-items: center;
  background: white;
}

.c2:hover {
  border: solid 1px black;
}

.c3 {
  text-indent: 15px;
}

.c4 {
  color: #aaaaaa;
}

.c5 {
  position: absolute;
  right: 10px;
  color: #909090;
  -webkit-transform: rotate(360deg);
  -ms-transform: rotate(360deg);
  transform: rotate(360deg);
  -webkit-transition: -webkit-transform .2s ease-in-out;
  -webkit-transition: transform .2s ease-in-out;
  transition: transform .2s ease-in-out;
}

.c0 {
  width: 100%;
  height: 60px;
  margin: 10px;
  display: -webkit-box;
  display: -webkit-flex;
  display: -ms-flexbox;
  display: flex;
  -webkit-align-items: center;
  -webkit-box-align: center;
  -ms-flex-align: center;
  align-items: center;
}

<div
  className="c0"
>
  <div
    className="c1"
  >
    <div
      className="c2"
      id="DropDownHeader"
      onClick={[Function]}
    >
      <div
        className="c3 c4"
      >
        Sort By
      </div>
      <div
        className="c5"
        id="DropDownArrow"
      >
        â–¼
      </div>
    </div>
  </div>
</div>
`;
